info9: {subitem: This is a test}
otherInfo: This is also a test
