local: This is local
external:
  info: {subitem: This is a test}
  otherInfo: This is also a test
